@AlexandrosStav99 ➜ /workspaces/FredsBoats (main) $ dotnet ef database update
Could not execute because the specified command or file was not found.
Possible reasons for this include:
  * You misspelled a built-in dotnet command.
  * You intended to execute a .NET program, but dotnet-ef does not exist.
  * You intended to run a global tool, but a dotnet-prefixed executable with this name could not be found on the PATH.
@AlexandrosStav99 ➜ /workspaces/FredsBoats (main) $ ls
FredsBoats.Web  FredsBoats.slnx  README.md  text.txt
@AlexandrosStav99 ➜ /workspaces/FredsBoats (main) $ cd FredsBoats.Web/
@AlexandrosStav99 ➜ /workspaces/FredsBoats/FredsBoats.Web (main) $ dotnet ef database update
Could not execute because the specified command or file was not found.
Possible reasons for this include:
  * You misspelled a built-in dotnet command.
  * You intended to execute a .NET program, but dotnet-ef does not exist.
  * You intended to run a global tool, but a dotnet-prefixed executable with this name could not be found on the PATH.
@AlexandrosStav99 ➜ /workspaces/FredsBoats/FredsBoats.Web (main) $ dotnet build
Restore complete (5.9s)
  FredsBoats.Web net10.0 failed with 2 error(s) (13.9s)
    /workspaces/FredsBoats/FredsBoats.Web/Program.cs(7,31): error CS0246: The type or namespace name 'FredsBoatsContext' could not be found (are you missing a using directive or an assembly reference?)
    /workspaces/FredsBoats/FredsBoats.Web/Program.cs(8,13): error CS1061: 'DbContextOptionsBuilder' does not contain a definition for 'UseSqlite' and no accessible extension method 'UseSqlite' accepting a first argument of type 'DbContextOptionsBuilder' could be found (are you missing a using directive or an assembly reference?)
